test_all_named_input_and_sort_slots_are_kinematically_reachable (test_scara_kinematics.ScaraKinematicsTests.test_all_named_input_and_sort_slots_are_kinematically_reachable) ... ok
test_analytic_jacobian_matches_finite_differences (test_scara_kinematics.ScaraKinematicsTests.test_analytic_jacobian_matches_finite_differences) ... ok
test_engine_parity_for_seeded_joint_states (test_scara_kinematics.ScaraKinematicsTests.test_engine_parity_for_seeded_joint_states) ... ok
test_fk_home_matches_manual_coordinates (test_scara_kinematics.ScaraKinematicsTests.test_fk_home_matches_manual_coordinates) ... ok
test_fk_quarter_turn_and_wrist_cancel (test_scara_kinematics.ScaraKinematicsTests.test_fk_quarter_turn_and_wrist_cancel) ... ok
test_fk_rejects_out_of_limit_joint_without_wrapping (test_scara_kinematics.ScaraKinematicsTests.test_fk_rejects_out_of_limit_joint_without_wrapping) ... ok
test_fk_zero_configuration_matches_link_sum_and_vertical_offset (test_scara_kinematics.ScaraKinematicsTests.test_fk_zero_configuration_matches_link_sum_and_vertical_offset) ... ok
test_folded_configuration_is_outside_physical_j2_range (test_scara_kinematics.ScaraKinematicsTests.test_folded_configuration_is_outside_physical_j2_range) ... ok
test_ik_accepts_only_roundoff_sized_outer_boundary_excess (test_scara_kinematics.ScaraKinematicsTests.test_ik_accepts_only_roundoff_sized_outer_boundary_excess) ... ok
test_ik_accepts_only_roundoff_sized_z_boundary_excess (test_scara_kinematics.ScaraKinematicsTests.test_ik_accepts_only_roundoff_sized_z_boundary_excess) ... ok
test_ik_distant_and_geometric_hole_targets_are_rejected (test_scara_kinematics.ScaraKinematicsTests.test_ik_distant_and_geometric_hole_targets_are_rejected) ... ok
test_ik_full_wrist_range_boundary_and_no_symmetry (test_scara_kinematics.ScaraKinematicsTests.test_ik_full_wrist_range_boundary_and_no_symmetry) ... ok
test_ik_geometrically_possible_but_joint_limited_inner_region_is_diagnosed (test_scara_kinematics.ScaraKinematicsTests.test_ik_geometrically_possible_but_joint_limited_inner_region_is_diagnosed) ... ok
test_ik_outer_and_inner_joint_limited_boundaries (test_scara_kinematics.ScaraKinematicsTests.test_ik_outer_and_inner_joint_limited_boundaries) ... ok
test_ik_reports_invalid_current_configuration (test_scara_kinematics.ScaraKinematicsTests.test_ik_reports_invalid_current_configuration) ... ok
test_ik_reports_invalid_nan_and_inf_targets (test_scara_kinematics.ScaraKinematicsTests.test_ik_reports_invalid_nan_and_inf_targets) ... ok
test_ik_reports_orientation_unreachable_for_a_limited_wrist (test_scara_kinematics.ScaraKinematicsTests.test_ik_reports_orientation_unreachable_for_a_limited_wrist) ... ok
test_ik_residual_outside_acceptance_is_reported_as_numerical_failure (test_scara_kinematics.ScaraKinematicsTests.test_ik_residual_outside_acceptance_is_reported_as_numerical_failure) ... ok
test_ik_returns_both_elbow_branches_and_selects_nearest_current (test_scara_kinematics.ScaraKinematicsTests.test_ik_returns_both_elbow_branches_and_selects_nearest_current) ... ok
test_ik_square_object_symmetry_selects_equivalent_yaw (test_scara_kinematics.ScaraKinematicsTests.test_ik_square_object_symmetry_selects_equivalent_yaw) ... ok
test_ik_z_boundaries_and_outside_are_not_silently_clamped (test_scara_kinematics.ScaraKinematicsTests.test_ik_z_boundaries_and_outside_are_not_silently_clamped) ... ok
test_near_straight_is_flagged_but_not_rejected (test_scara_kinematics.ScaraKinematicsTests.test_near_straight_is_flagged_but_not_rejected) ... ok
test_transform_chain_ends_at_tcp_and_contains_all_frames (test_scara_kinematics.ScaraKinematicsTests.test_transform_chain_ends_at_tcp_and_contains_all_frames) ... ok

----------------------------------------------------------------------
Ran 23 tests in 0.314s

OK
