test_all_slots_full_yields_safe_skip_without_planning_or_fake_placement (controller.tests.test_controller.ControllerTests.test_all_slots_full_yields_safe_skip_without_planning_or_fake_placement) ... ok
test_camera_failures_are_bounded_and_latch_safe_stop (controller.tests.test_controller.ControllerTests.test_camera_failures_are_bounded_and_latch_safe_stop) ... ok
test_conflicting_duplicate_track_fails_closed_instead_of_double_counting (controller.tests.test_controller.ControllerTests.test_conflicting_duplicate_track_fails_closed_instead_of_double_counting) ... ok
test_contact_loss_during_release_is_evaluated_at_release_completion (controller.tests.test_controller.ControllerTests.test_contact_loss_during_release_is_evaluated_at_release_completion) ... ok
test_cycle_timeout_without_payload_releases_reservations (controller.tests.test_controller.ControllerTests.test_cycle_timeout_without_payload_releases_reservations) ... ok
test_descend_execution_failure_with_fresh_no_hold_enters_recover (controller.tests.test_controller.ControllerTests.test_descend_execution_failure_with_fresh_no_hold_enters_recover) ... ok
test_done_means_controller_terminated_not_all_items_sorted (controller.tests.test_controller.ControllerTests.test_done_means_controller_terminated_not_all_items_sorted) ... ok
test_emergency_stop_latches_from_every_active_state (controller.tests.test_controller.ControllerTests.test_emergency_stop_latches_from_every_active_state) ... ok
test_equal_candidate_scores_break_tie_by_lower_track_id (controller.tests.test_controller.ControllerTests.test_equal_candidate_scores_break_tie_by_lower_track_id) ... ok
test_evaluator_only_placement_evidence_is_ignored (controller.tests.test_controller.ControllerTests.test_evaluator_only_placement_evidence_is_ignored) ... ok
test_execution_failure_without_payload_releases_reservations (controller.tests.test_controller.ControllerTests.test_execution_failure_without_payload_releases_reservations) ... ok
test_forbidden_transition_is_detected (controller.tests.test_controller.ControllerTests.test_forbidden_transition_is_detected) ... ok
test_grasp_attempt_budget_stops_after_one_bounded_retry (controller.tests.test_controller.ControllerTests.test_grasp_attempt_budget_stops_after_one_bounded_retry) ... ok
test_grasp_execution_failure_with_fresh_no_hold_enters_recover (controller.tests.test_controller.ControllerTests.test_grasp_execution_failure_with_fresh_no_hold_enters_recover) ... ok
test_grasp_execution_failure_with_unknown_hold_latches_safe_stop (controller.tests.test_controller.ControllerTests.test_grasp_execution_failure_with_unknown_hold_latches_safe_stop) ... ok
test_grasp_failure_uses_bounded_recovery_without_claiming_hold (controller.tests.test_controller.ControllerTests.test_grasp_failure_uses_bounded_recovery_without_claiming_hold) ... ok
test_hold_verification_timeout_with_no_fresh_sensor_is_safe_stop (controller.tests.test_controller.ControllerTests.test_hold_verification_timeout_with_no_fresh_sensor_is_safe_stop) ... ok
test_init_fails_closed_without_fresh_empty_gripper_signal (controller.tests.test_controller.ControllerTests.test_init_fails_closed_without_fresh_empty_gripper_signal) ... ok
test_lost_payload_during_transfer_quarantines_slot_and_stops (controller.tests.test_controller.ControllerTests.test_lost_payload_during_transfer_quarantines_slot_and_stops) ... ok
test_m5_plan_with_reordered_phases_is_rejected_before_motion (controller.tests.test_controller.ControllerTests.test_m5_plan_with_reordered_phases_is_rejected_before_motion) ... ok
test_m5_plan_without_release_marker_is_rejected_before_motion (controller.tests.test_controller.ControllerTests.test_m5_plan_without_release_marker_is_rejected_before_motion) ... ok
test_multiple_objects_are_processed_once_across_batch_cycles (controller.tests.test_controller.ControllerTests.test_multiple_objects_are_processed_once_across_batch_cycles) ... ok
test_nominal_cycle_requires_public_hold_and_place_evidence (controller.tests.test_controller.ControllerTests.test_nominal_cycle_requires_public_hold_and_place_evidence) ... ok
test_permanent_planner_failure_releases_reservations_and_skips_track (controller.tests.test_controller.ControllerTests.test_permanent_planner_failure_releases_reservations_and_skips_track) ... ok
test_place_timeout_quarantines_instead_of_counting_success (controller.tests.test_controller.ControllerTests.test_place_timeout_quarantines_instead_of_counting_success) ... ok
test_problematic_candidate_does_not_starve_next_candidate (controller.tests.test_controller.ControllerTests.test_problematic_candidate_does_not_starve_next_candidate) ... ok
test_recovery_budget_resets_after_completed_safe_recovery (controller.tests.test_controller.ControllerTests.test_recovery_budget_resets_after_completed_safe_recovery) ... ok
test_recovery_failure_and_timeout_escalate_to_safe_stop (controller.tests.test_controller.ControllerTests.test_recovery_failure_and_timeout_escalate_to_safe_stop) ... ok
test_release_confirmation_timeout_preserves_slot_and_stops (controller.tests.test_controller.ControllerTests.test_release_confirmation_timeout_preserves_slot_and_stops) ... ok
test_retreat_execution_failure_recovers_without_reclassifying_placed_track (controller.tests.test_controller.ControllerTests.test_retreat_execution_failure_recovers_without_reclassifying_placed_track) ... ok
test_safe_stop_holding_payload_preserves_slot_and_never_opens_gripper (controller.tests.test_controller.ControllerTests.test_safe_stop_holding_payload_preserves_slot_and_never_opens_gripper) ... ok
test_safe_stop_reset_requires_explicit_safe_disposition (controller.tests.test_controller.ControllerTests.test_safe_stop_reset_requires_explicit_safe_disposition) ... ok
test_safe_stop_without_payload_releases_reservations (controller.tests.test_controller.ControllerTests.test_safe_stop_without_payload_releases_reservations) ... ok
test_same_m4_track_duplicates_collapse_before_reservation (controller.tests.test_controller.ControllerTests.test_same_m4_track_duplicates_collapse_before_reservation) ... ok
test_selection_uses_composite_score_not_only_nearest_distance (controller.tests.test_controller.ControllerTests.test_selection_uses_composite_score_not_only_nearest_distance) ... ok
test_simulation_clock_regression_latches_stop (controller.tests.test_controller.ControllerTests.test_simulation_clock_regression_latches_stop) ... ok
test_stale_frame_is_rejected_before_selection (controller.tests.test_controller.ControllerTests.test_stale_frame_is_rejected_before_selection) ... ok
test_stale_hold_signal_during_transfer_latches_safe_stop (controller.tests.test_controller.ControllerTests.test_stale_hold_signal_during_transfer_latches_safe_stop) ... ok
test_transfer_invariant_requires_fresh_public_hold (controller.tests.test_controller.ControllerTests.test_transfer_invariant_requires_fresh_public_hold) ... ok
test_transient_planner_failure_has_one_bounded_retry (controller.tests.test_controller.ControllerTests.test_transient_planner_failure_has_one_bounded_retry) ... ok
test_transition_guard_covers_all_declared_and_forbidden_edges (controller.tests.test_controller.ControllerTests.test_transition_guard_covers_all_declared_and_forbidden_edges) ... ok
test_transition_spec_covers_every_state_and_is_explicit (controller.tests.test_controller.ControllerTests.test_transition_spec_covers_every_state_and_is_explicit) ... ok
test_unknown_is_never_mapped_to_a_sorting_zone (controller.tests.test_controller.ControllerTests.test_unknown_is_never_mapped_to_a_sorting_zone) ... ok
test_unknown_obstacle_does_not_prevent_selecting_known_target (controller.tests.test_controller.ControllerTests.test_unknown_obstacle_does_not_prevent_selecting_known_target) ... ok
test_valid_empty_scene_is_not_treated_as_camera_failure (controller.tests.test_controller.ControllerTests.test_valid_empty_scene_is_not_treated_as_camera_failure) ... ok
test_verify_place_cycle_timeout_enters_recover_without_claiming_sort (controller.tests.test_controller.ControllerTests.test_verify_place_cycle_timeout_enters_recover_without_claiming_sort) ... ok
test_all_named_input_and_sort_slots_are_kinematically_reachable (kinematics.test_scara_kinematics.ScaraKinematicsTests.test_all_named_input_and_sort_slots_are_kinematically_reachable) ... ok
test_analytic_jacobian_matches_finite_differences (kinematics.test_scara_kinematics.ScaraKinematicsTests.test_analytic_jacobian_matches_finite_differences) ... ok
test_engine_parity_for_seeded_joint_states (kinematics.test_scara_kinematics.ScaraKinematicsTests.test_engine_parity_for_seeded_joint_states) ... ok
test_fk_home_matches_manual_coordinates (kinematics.test_scara_kinematics.ScaraKinematicsTests.test_fk_home_matches_manual_coordinates) ... ok
test_fk_quarter_turn_and_wrist_cancel (kinematics.test_scara_kinematics.ScaraKinematicsTests.test_fk_quarter_turn_and_wrist_cancel) ... ok
test_fk_rejects_out_of_limit_joint_without_wrapping (kinematics.test_scara_kinematics.ScaraKinematicsTests.test_fk_rejects_out_of_limit_joint_without_wrapping) ... ok
test_fk_zero_configuration_matches_link_sum_and_vertical_offset (kinematics.test_scara_kinematics.ScaraKinematicsTests.test_fk_zero_configuration_matches_link_sum_and_vertical_offset) ... ok
test_folded_configuration_is_outside_physical_j2_range (kinematics.test_scara_kinematics.ScaraKinematicsTests.test_folded_configuration_is_outside_physical_j2_range) ... ok
test_ik_accepts_only_roundoff_sized_outer_boundary_excess (kinematics.test_scara_kinematics.ScaraKinematicsTests.test_ik_accepts_only_roundoff_sized_outer_boundary_excess) ... ok
test_ik_accepts_only_roundoff_sized_z_boundary_excess (kinematics.test_scara_kinematics.ScaraKinematicsTests.test_ik_accepts_only_roundoff_sized_z_boundary_excess) ... ok
test_ik_distant_and_geometric_hole_targets_are_rejected (kinematics.test_scara_kinematics.ScaraKinematicsTests.test_ik_distant_and_geometric_hole_targets_are_rejected) ... ok
test_ik_full_wrist_range_boundary_and_no_symmetry (kinematics.test_scara_kinematics.ScaraKinematicsTests.test_ik_full_wrist_range_boundary_and_no_symmetry) ... ok
test_ik_geometrically_possible_but_joint_limited_inner_region_is_diagnosed (kinematics.test_scara_kinematics.ScaraKinematicsTests.test_ik_geometrically_possible_but_joint_limited_inner_region_is_diagnosed) ... ok
test_ik_outer_and_inner_joint_limited_boundaries (kinematics.test_scara_kinematics.ScaraKinematicsTests.test_ik_outer_and_inner_joint_limited_boundaries) ... ok
test_ik_reports_invalid_current_configuration (kinematics.test_scara_kinematics.ScaraKinematicsTests.test_ik_reports_invalid_current_configuration) ... ok
test_ik_reports_invalid_nan_and_inf_targets (kinematics.test_scara_kinematics.ScaraKinematicsTests.test_ik_reports_invalid_nan_and_inf_targets) ... ok
test_ik_reports_orientation_unreachable_for_a_limited_wrist (kinematics.test_scara_kinematics.ScaraKinematicsTests.test_ik_reports_orientation_unreachable_for_a_limited_wrist) ... ok
test_ik_residual_outside_acceptance_is_reported_as_numerical_failure (kinematics.test_scara_kinematics.ScaraKinematicsTests.test_ik_residual_outside_acceptance_is_reported_as_numerical_failure) ... ok
test_ik_returns_both_elbow_branches_and_selects_nearest_current (kinematics.test_scara_kinematics.ScaraKinematicsTests.test_ik_returns_both_elbow_branches_and_selects_nearest_current) ... ok
test_ik_square_object_symmetry_selects_equivalent_yaw (kinematics.test_scara_kinematics.ScaraKinematicsTests.test_ik_square_object_symmetry_selects_equivalent_yaw) ... ok
test_ik_z_boundaries_and_outside_are_not_silently_clamped (kinematics.test_scara_kinematics.ScaraKinematicsTests.test_ik_z_boundaries_and_outside_are_not_silently_clamped) ... ok
test_near_straight_is_flagged_but_not_rejected (kinematics.test_scara_kinematics.ScaraKinematicsTests.test_near_straight_is_flagged_but_not_rejected) ... ok
test_transform_chain_ends_at_tcp_and_contains_all_frames (kinematics.test_scara_kinematics.ScaraKinematicsTests.test_transform_chain_ends_at_tcp_and_contains_all_frames) ... ok

----------------------------------------------------------------------
Ran 69 tests in 0.425s

OK
