{
  "run_id": "single_red_center-9cea505589",
  "state": "SAFE_STOP",
  "controller_summary": {
    "run_id": "single_red_center-9cea505589",
    "final_state": "SAFE_STOP",
    "simulation_time_s": 89.27999999997333,
    "simulated_elapsed_s": 89.27999999997333,
    "control_ticks": 8929,
    "wall_time_s": 60.354241200000615,
    "terminal_result": {
      "run_id": "single_red_center-9cea505589",
      "status": "SAFE_STOP",
      "reason_code": "PUBLIC_HOLD_SIGNAL_LOST",
      "simulation_time_s": 89.27999999997333,
      "holding_state": false,
      "active_track_id": null,
      "reserved_slot_id": null,
      "no_automatic_release": true
    },
    "track_records": {
      "1": {
        "class_label": "RED",
        "status": "SAFE_FAILURE",
        "attempts": 1,
        "grasp_attempts": 0,
        "failure_reasons": [
          "PUBLIC_HOLD_SIGNAL_LOST"
        ]
      }
    },
    "slot_states": [
      {
        "slot_id": "BLUE:0",
        "class_label": "BLUE",
        "status": "FREE",
        "owner_track_id": null,
        "reason_code": null
      },
      {
        "slot_id": "BLUE:1",
        "class_label": "BLUE",
        "status": "FREE",
        "owner_track_id": null,
        "reason_code": null
      },
      {
        "slot_id": "BLUE:2",
        "class_label": "BLUE",
        "status": "FREE",
        "owner_track_id": null,
        "reason_code": null
      },
      {
        "slot_id": "GREEN:0",
        "class_label": "GREEN",
        "status": "FREE",
        "owner_track_id": null,
        "reason_code": null
      },
      {
        "slot_id": "GREEN:1",
        "class_label": "GREEN",
        "status": "FREE",
        "owner_track_id": null,
        "reason_code": null
      },
      {
        "slot_id": "GREEN:2",
        "class_label": "GREEN",
        "status": "FREE",
        "owner_track_id": null,
        "reason_code": null
      },
      {
        "slot_id": "RED:0",
        "class_label": "RED",
        "status": "QUARANTINED",
        "owner_track_id": null,
        "reason_code": "PUBLIC_HOLD_SIGNAL_LOST"
      },
      {
        "slot_id": "RED:1",
        "class_label": "RED",
        "status": "FREE",
        "owner_track_id": null,
        "reason_code": null
      },
      {
        "slot_id": "RED:2",
        "class_label": "RED",
        "status": "FREE",
        "owner_track_id": null,
        "reason_code": null
      }
    ],
    "executor": {
      "command_id": "single_red_center-9cea505589:0005:TRANSFER",
      "phase": "TRANSFER",
      "active": false,
      "max_joint_error": [
        3.979328894709866e-05,
        0.0001130443262182812,
        0.0003533539409795866,
        6.356326327683348e-05
      ],
      "gripper_error_m": 0.0022547793172493953,
      "terminal_status": "RUNNING",
      "terminal_reason": null
    },
    "controller_event_count": 31,
    "controller_events_path": "controller_events.jsonl",
    "telemetry_path": "telemetry.csv",
    "perception_snapshots_path": "perception_snapshots.jsonl",
    "initial_occupied_slots_from_public_rgb": []
  },
  "evaluator_summary": {
    "schema_version": "M7-evaluator-v1.0",
    "run_id": "single_red_center-9cea505589",
    "evaluation_source": "post-run MuJoCo free-joint state plus private scene ground truth",
    "simulation_time_s": 89.27999999997333,
    "controller_final_state": "SAFE_STOP",
    "controller_track_records": {
      "1": {
        "class_label": "RED",
        "status": "SAFE_FAILURE",
        "attempts": 1,
        "grasp_attempts": 0,
        "failure_reasons": [
          "PUBLIC_HOLD_SIGNAL_LOST"
        ]
      }
    },
    "controller_reports_done": false,
    "items": [
      {
        "body_name": "object_red_01",
        "ground_truth_class": "RED",
        "final_xyz_m": [
          0.0012650410457052089,
          -0.2503111672045218,
          0.051346788453438576
        ],
        "linear_velocity_m_s": [
          -0.00016456405248250165,
          -0.0003397923038402164,
          -0.11694012197453504
        ],
        "angular_velocity_rad_s": [
          -0.0002853479834675069,
          0.025303172123983756,
          -5.7497920623403725e-05
        ],
        "nearest_slot_id": null,
        "nearest_zone": null,
        "horizontal_slot_error_m": 0.4967457252446682,
        "resting_on_tray": false,
        "settled": false,
        "physical_sort_success": false
      }
    ],
    "evaluator_grasp_slip": {
      "object_red_01": {
        "ground_truth_color": "RED",
        "first_bilateral_contact_time_s": 81.56,
        "bilateral_contact_samples": 193,
        "maximum_relative_slip_m": 0.00812193478
      }
    },
    "physical_sort_success_count": 0,
    "physical_sort_failure_count": 1,
    "all_active_objects_physically_sorted": false,
    "controller_done_and_physical_success": false,
    "limitations": [
      "The evaluator uses simulator ground truth only after the controller run has ended.",
      "This is a virtual physical-model result, not a physical prototype test.",
      "Slot and settling tolerances are project-level integration checks, not M9 campaign acceptance criteria."
    ]
  }
}
