=== Python launcher ===
Python 3.12.10
=== Fresh virtual environment: Python 3.12.10 ===
Collecting mujoco==3.14.0 (from -r C:\Users\admin\Desktop\Ruslan-agtu\курсач-руслан\99_Рабочие_материалы\feasibility\mujoco_m1\requirements.txt (line 1))
  Downloading mujoco-3.14.0-cp312-cp312-win_amd64.whl.metadata (237 kB)
Collecting imageio==2.37.0 (from -r C:\Users\admin\Desktop\Ruslan-agtu\курсач-руслан\99_Рабочие_материалы\feasibility\mujoco_m1\requirements.txt (line 2))
  Downloading imageio-2.37.0-py3-none-any.whl.metadata (5.2 kB)
Collecting imageio-ffmpeg==0.6.0 (from -r C:\Users\admin\Desktop\Ruslan-agtu\курсач-руслан\99_Рабочие_материалы\feasibility\mujoco_m1\requirements.txt (line 3))
  Downloading imageio_ffmpeg-0.6.0-py3-none-win_amd64.whl.metadata (1.5 kB)
Collecting absl-py (from mujoco==3.14.0->-r C:\Users\admin\Desktop\Ruslan-agtu\курсач-руслан\99_Рабочие_материалы\feasibility\mujoco_m1\requirements.txt (line 1))
  Downloading absl_py-2.5.0-py3-none-any.whl.metadata (3.3 kB)
Collecting etils[epath] (from mujoco==3.14.0->-r C:\Users\admin\Desktop\Ruslan-agtu\курсач-руслан\99_Рабочие_материалы\feasibility\mujoco_m1\requirements.txt (line 1))
  Downloading etils-1.14.0-py3-none-any.whl.metadata (6.5 kB)
Collecting glfw (from mujoco==3.14.0->-r C:\Users\admin\Desktop\Ruslan-agtu\курсач-руслан\99_Рабочие_материалы\feasibility\mujoco_m1\requirements.txt (line 1))
  Downloading glfw-2.10.2-py2.py3-none-win_amd64.whl.metadata (5.5 kB)
Collecting numpy (from mujoco==3.14.0->-r C:\Users\admin\Desktop\Ruslan-agtu\курсач-руслан\99_Рабочие_материалы\feasibility\mujoco_m1\requirements.txt (line 1))
  Downloading numpy-2.5.3-cp312-cp312-win_amd64.whl.metadata (6.6 kB)
Collecting pyopengl (from mujoco==3.14.0->-r C:\Users\admin\Desktop\Ruslan-agtu\курсач-руслан\99_Рабочие_материалы\feasibility\mujoco_m1\requirements.txt (line 1))
  Downloading pyopengl-3.1.10-py3-none-any.whl.metadata (3.3 kB)
Collecting websockets>=13 (from mujoco==3.14.0->-r C:\Users\admin\Desktop\Ruslan-agtu\курсач-руслан\99_Рабочие_материалы\feasibility\mujoco_m1\requirements.txt (line 1))
  Downloading websockets-17.1-cp312-cp312-win_amd64.whl.metadata (6.5 kB)
Collecting pillow>=8.3.2 (from imageio==2.37.0->-r C:\Users\admin\Desktop\Ruslan-agtu\курсач-руслан\99_Рабочие_материалы\feasibility\mujoco_m1\requirements.txt (line 2))
  Downloading pillow-12.3.0-cp312-cp312-win_amd64.whl.metadata (9.3 kB)
Collecting fsspec (from etils[epath]->mujoco==3.14.0->-r C:\Users\admin\Desktop\Ruslan-agtu\курсач-руслан\99_Рабочие_материалы\feasibility\mujoco_m1\requirements.txt (line 1))
  Downloading fsspec-2026.9.0-py3-none-any.whl.metadata (10 kB)
Collecting typing_extensions (from etils[epath]->mujoco==3.14.0->-r C:\Users\admin\Desktop\Ruslan-agtu\курсач-руслан\99_Рабочие_материалы\feasibility\mujoco_m1\requirements.txt (line 1))
  Downloading typing_extensions-4.16.0-py3-none-any.whl.metadata (3.3 kB)
Collecting zipp (from etils[epath]->mujoco==3.14.0->-r C:\Users\admin\Desktop\Ruslan-agtu\курсач-руслан\99_Рабочие_материалы\feasibility\mujoco_m1\requirements.txt (line 1))
  Downloading zipp-4.1.0-py3-none-any.whl.metadata (3.6 kB)
Downloading mujoco-3.14.0-cp312-cp312-win_amd64.whl (18.5 MB)
   ---------------------------------------- 18.5/18.5 MB 10.1 MB/s eta 0:00:00
Downloading imageio-2.37.0-py3-none-any.whl (315 kB)
Downloading imageio_ffmpeg-0.6.0-py3-none-win_amd64.whl (31.2 MB)
   ---------------------------------------- 31.2/31.2 MB 10.0 MB/s eta 0:00:00
Downloading pillow-12.3.0-cp312-cp312-win_amd64.whl (7.2 MB)
   ---------------------------------------- 7.2/7.2 MB 5.6 MB/s eta 0:00:00
Downloading websockets-17.1-cp312-cp312-win_amd64.whl (217 kB)
Downloading absl_py-2.5.0-py3-none-any.whl (137 kB)
Downloading glfw-2.10.2-py2.py3-none-win_amd64.whl (564 kB)
   ---------------------------------------- 564.4/564.4 kB 9.8 MB/s eta 0:00:00
Downloading numpy-2.5.3-cp312-cp312-win_amd64.whl (12.6 MB)
   ---------------------------------------- 12.6/12.6 MB 10.5 MB/s eta 0:00:00
Downloading pyopengl-3.1.10-py3-none-any.whl (3.2 MB)
   ---------------------------------------- 3.2/3.2 MB 11.7 MB/s eta 0:00:00
Downloading etils-1.14.0-py3-none-any.whl (172 kB)
Downloading fsspec-2026.9.0-py3-none-any.whl (221 kB)
Downloading typing_extensions-4.16.0-py3-none-any.whl (45 kB)
Downloading zipp-4.1.0-py3-none-any.whl (10 kB)
Installing collected packages: pyopengl, glfw, zipp, websockets, typing_extensions, pillow, numpy, imageio-ffmpeg, fsspec, etils, absl-py, imageio, mujoco
Successfully installed absl-py-2.5.0 etils-1.14.0 fsspec-2026.9.0 glfw-2.10.2 imageio-2.37.0 imageio-ffmpeg-0.6.0 mujoco-3.14.0 numpy-2.5.3 pillow-12.3.0 pyopengl-3.1.10 typing_extensions-4.16.0 websockets-17.1 zipp-4.1.0
=== Feasibility probe rerun ===
{
  "metadata": {
    "python": "3.12.10",
    "platform": "Windows-11-10.0.26200-SP0",
    "mujoco": "3.14.0",
    "numpy": "2.5.3",
    "imageio": "2.37.0",
    "imageio_ffmpeg": "0.6.0",
    "random_seed": null,
    "seed_note": "All feasibility scenes are deterministic and contain no randomized sampling.",
    "created_utc": "2026-09-24T16:16:18Z",
    "scope": "isolated M1 tool-feasibility probes only; not robot-system tests or course results"
  },
  "revolute": {
    "status": "PASS",
    "model": "revolute_probe.xml",
    "joint": "probe_hinge",
    "kind": "revolute",
    "target": 0.55,
    "observed": 0.5488852840041343,
    "absolute_error": 0.001114715995865767,
    "velocity": 0.007040535111607184,
    "limit": [
      -1.0,
      1.0
    ],
    "within_limits": true,
    "settle_peak_to_peak_last_0_1s": 0.0009473590958360978,
    "simulation_seconds": 1.0,
    "wall_seconds": 0.00289939995855093,
    "simulated_seconds_per_wall_second": 344.89894953981536,
    "criterion": "target error, joint limits, low final velocity and bounded terminal variation"
  },
  "prismatic": {
    "status": "PASS",
    "model": "prismatic_probe.xml",
    "joint": "probe_slide",
    "kind": "prismatic",
    "target": 0.12,
    "observed": 0.11999972970536661,
    "absolute_error": 2.702946333837941e-07,
    "velocity": 3.5864418844283424e-06,
    "limit": [
      0.0,
      0.15
    ],
    "within_limits": true,
    "settle_peak_to_peak_last_0_1s": 7.051417450498754e-07,
    "simulation_seconds": 1.0,
    "wall_seconds": 0.001608199905604124,
    "simulated_seconds_per_wall_second": 621.813243810848,
    "criterion": "target error, joint limits, low final velocity and bounded terminal variation"
  },
  "rgb_camera": {
    "status": "PASS",
    "api": "mujoco.Renderer.update_scene(..., camera='overhead').render()",
    "render_mode": "offscreen OpenGL, no visible GUI window",
    "frame_shape_h_w_channels": [
      480,
      640,
      3
    ],
    "dtype": "uint8",
    "channel_order": "RGB as returned by MuJoCo Renderer",
    "red_dominant_pixels": 1517,
    "wall_seconds": 0.0057342000072821975,
    "frame_file": "results\\rgb_camera_frame.png",
    "criterion": "640x480 uint8 RGB array, rendered object detected by RGB channel ordering, frame saved"
  },
  "grasp_baseline": {
    "trial": "baseline",
    "friction_coefficient": 0.9,
    "max_finger_actuator_force_N": 5.0,
    "timestep_s": 0.002,
    "status": "PASS",
    "bilateral_object_finger_contact_during_close": true,
    "bilateral_object_finger_contact_during_lift": true,
    "left_contact_lift_steps": 592,
    "right_contact_lift_steps": 592,
    "max_simultaneous_contact_pairs": 12,
    "object_z_after_settle_m": 0.019998509424268535,
    "object_z_after_close_m": 0.01999850630230147,
    "object_z_after_lift_m": 0.09745689371499808,
    "object_lift_gain_m": 0.07745838429072954,
    "held_fraction_of_last_lift_window": 1.0,
    "lift_joint_final_qpos_m": 0.08489879788895827,
    "object_z_after_release_m": 0.019998509424268573,
    "object_vertical_velocity_after_release_m_s": -1.678772123635409e-16,
    "object_floor_contact_observed_after_release": true,
    "object_left_finger_contact_at_end": false,
    "object_right_finger_contact_at_end": false,
    "model_equality_constraints_count": 1,
    "symmetric_finger_mimic_constraint_count": 1,
    "object_weld_constraint_count": 0,
    "symmetric_finger_position_error_m": 2.048844974965791e-12,
    "one_actuated_gripper_coordinate": true,
    "no_attach_or_weld_constraint": true,
    "simulation_duration_s": 3.75,
    "wall_seconds": 3.1530351999681443,
    "simulation_to_wall_ratio": 1.1893302047620296,
    "recorded_frames": 95,
    "video_file": "results\\gripper_contact_probe.mp4",
    "criterion": "one actuated gripper coordinate drives mechanically coupled fingers; bilateral physical contact, object rises >=45 mm and stays held in the terminal lift window; opening releases it to the floor; no object weld/attach constraint",
    "initial_lift_joint_qpos_m": -0.000348430724879317
  },
  "grasp_baseline_headless": {
    "trial": "baseline_headless",
    "friction_coefficient": 0.9,
    "max_finger_actuator_force_N": 5.0,
    "timestep_s": 0.002,
    "status": "PASS",
    "bilateral_object_finger_contact_during_close": true,
    "bilateral_object_finger_contact_during_lift": true,
    "left_contact_lift_steps": 592,
    "right_contact_lift_steps": 592,
    "max_simultaneous_contact_pairs": 12,
    "object_z_after_settle_m": 0.019998509424268535,
    "object_z_after_close_m": 0.01999850630230147,
    "object_z_after_lift_m": 0.09745689371499808,
    "object_lift_gain_m": 0.07745838429072954,
    "held_fraction_of_last_lift_window": 1.0,
    "lift_joint_final_qpos_m": 0.08489879788893982,
    "object_z_after_release_m": 0.019998509424268573,
    "object_vertical_velocity_after_release_m_s": -1.747000348384756e-16,
    "object_floor_contact_observed_after_release": true,
    "object_left_finger_contact_at_end": false,
    "object_right_finger_contact_at_end": false,
    "model_equality_constraints_count": 1,
    "symmetric_finger_mimic_constraint_count": 1,
    "object_weld_constraint_count": 0,
    "symmetric_finger_position_error_m": 2.048844974955445e-12,
    "one_actuated_gripper_coordinate": true,
    "no_attach_or_weld_constraint": true,
    "simulation_duration_s": 3.5,
    "wall_seconds": 0.06020599999465048,
    "simulation_to_wall_ratio": 58.13374082833916,
    "recorded_frames": 0,
    "video_file": null,
    "criterion": "one actuated gripper coordinate drives mechanically coupled fingers; bilateral physical contact, object rises >=45 mm and stays held in the terminal lift window; opening releases it to the floor; no object weld/attach constraint",
    "initial_lift_joint_qpos_m": -0.000348430724879317
  },
  "grasp_low_friction": {
    "trial": "low_friction",
    "friction_coefficient": 0.005,
    "max_finger_actuator_force_N": 5.0,
    "timestep_s": 0.002,
    "status": "FAIL",
    "bilateral_object_finger_contact_during_close": true,
    "bilateral_object_finger_contact_during_lift": true,
    "left_contact_lift_steps": 12,
    "right_contact_lift_steps": 12,
    "max_simultaneous_contact_pairs": 12,
    "object_z_after_settle_m": 0.019999999974581906,
    "object_z_after_close_m": 0.019987671583590678,
    "object_z_after_lift_m": 0.019999999974581916,
    "object_lift_gain_m": 1.0408340855860843e-17,
    "held_fraction_of_last_lift_window": 0.0,
    "lift_joint_final_qpos_m": 0.08489879999997418,
    "object_z_after_release_m": 0.019999999974588418,
    "object_vertical_velocity_after_release_m_s": -7.65902278953025e-13,
    "object_floor_contact_observed_after_release": true,
    "object_left_finger_contact_at_end": false,
    "object_right_finger_contact_at_end": false,
    "model_equality_constraints_count": 1,
    "symmetric_finger_mimic_constraint_count": 1,
    "object_weld_constraint_count": 0,
    "symmetric_finger_position_error_m": 4.818464867629833e-12,
    "one_actuated_gripper_coordinate": true,
    "no_attach_or_weld_constraint": true,
    "simulation_duration_s": 3.5,
    "wall_seconds": 0.057749500032514334,
    "simulation_to_wall_ratio": 60.606585304278255,
    "recorded_frames": 0,
    "video_file": null,
    "criterion": "one actuated gripper coordinate drives mechanically coupled fingers; bilateral physical contact, object rises >=45 mm and stays held in the terminal lift window; opening releases it to the floor; no object weld/attach constraint",
    "initial_lift_joint_qpos_m": -0.000348430724879317,
    "expected_negative_case": "low normal-direction tangential capacity must fail to lift",
    "protocol_verdict": "PASS_EXPECTED_NEGATIVE"
  },
  "grasp_low_force": {
    "trial": "low_force",
    "friction_coefficient": 0.9,
    "max_finger_actuator_force_N": 0.05,
    "timestep_s": 0.002,
    "status": "FAIL",
    "bilateral_object_finger_contact_during_close": true,
    "bilateral_object_finger_contact_during_lift": true,
    "left_contact_lift_steps": 1,
    "right_contact_lift_steps": 1,
    "max_simultaneous_contact_pairs": 12,
    "object_z_after_settle_m": 0.019998509424268535,
    "object_z_after_close_m": 0.01999848771111292,
    "object_z_after_lift_m": 0.019998509424268555,
    "object_lift_gain_m": 2.0816681711721685e-17,
    "held_fraction_of_last_lift_window": 0.0,
    "lift_joint_final_qpos_m": 0.08489879999997406,
    "object_z_after_release_m": 0.019998509424268552,
    "object_vertical_velocity_after_release_m_s": 6.513881596554343e-16,
    "object_floor_contact_observed_after_release": true,
    "object_left_finger_contact_at_end": false,
    "object_right_finger_contact_at_end": false,
    "model_equality_constraints_count": 1,
    "symmetric_finger_mimic_constraint_count": 1,
    "object_weld_constraint_count": 0,
    "symmetric_finger_position_error_m": 1.372721751331586e-05,
    "one_actuated_gripper_coordinate": true,
    "no_attach_or_weld_constraint": true,
    "simulation_duration_s": 3.5,
    "wall_seconds": 0.04394759994465858,
    "simulation_to_wall_ratio": 79.64029900170675,
    "recorded_frames": 0,
    "video_file": null,
    "criterion": "one actuated gripper coordinate drives mechanically coupled fingers; bilateral physical contact, object rises >=45 mm and stays held in the terminal lift window; opening releases it to the floor; no object weld/attach constraint",
    "initial_lift_joint_qpos_m": -0.000348430724879317,
    "expected_negative_case": "insufficient actuator force must fail to lift",
    "protocol_verdict": "PASS_EXPECTED_NEGATIVE"
  },
  "grasp_coarse_timestep": {
    "trial": "coarse_timestep",
    "friction_coefficient": 0.9,
    "max_finger_actuator_force_N": 5.0,
    "timestep_s": 0.01,
    "status": "FAIL",
    "bilateral_object_finger_contact_during_close": false,
    "bilateral_object_finger_contact_during_lift": false,
    "left_contact_lift_steps": 0,
    "right_contact_lift_steps": 0,
    "max_simultaneous_contact_pairs": 4,
    "object_z_after_settle_m": 0.019962819221296807,
    "object_z_after_close_m": 0.01996282011387179,
    "object_z_after_lift_m": 0.01996282011336386,
    "object_lift_gain_m": 8.920670521717078e-10,
    "held_fraction_of_last_lift_window": 0.0,
    "lift_joint_final_qpos_m": 0.08489879999999658,
    "object_z_after_release_m": 0.019962820113363818,
    "object_vertical_velocity_after_release_m_s": -7.941293626759804e-15,
    "object_floor_contact_observed_after_release": true,
    "object_left_finger_contact_at_end": false,
    "object_right_finger_contact_at_end": false,
    "model_equality_constraints_count": 1,
    "symmetric_finger_mimic_constraint_count": 1,
    "object_weld_constraint_count": 0,
    "symmetric_finger_position_error_m": 0.0005246592878939693,
    "one_actuated_gripper_coordinate": true,
    "no_attach_or_weld_constraint": true,
    "simulation_duration_s": 3.5,
    "wall_seconds": 0.008383400039747357,
    "simulation_to_wall_ratio": 417.4917078280659,
    "recorded_frames": 0,
    "video_file": null,
    "criterion": "one actuated gripper coordinate drives mechanically coupled fingers; bilateral physical contact, object rises >=45 mm and stays held in the terminal lift window; opening releases it to the floor; no object weld/attach constraint",
    "initial_lift_joint_qpos_m": -0.0003484319624271781,
    "protocol_verdict": "LIMITATION_DETECTED"
  },
  "mp4": {
    "status": "PASS",
    "file": "results\\gripper_contact_probe.mp4",
    "bytes": 57909,
    "decoded_frame_count": 95,
    "decoded_size": [
      640,
      480
    ],
    "fps": 25.0,
    "duration_s": 3.8,
    "ffmpeg": "ffmpeg version 7.1-essentials_build-www.gyan.dev Copyright (c) 2000-2024 the FFmpeg developers",
    "full_decode_completed": true,
    "criterion": "MP4 encoded from simulator camera frames and decoded to completion with expected dimensions"
  },
  "negative_case_expectations": {
    "low_friction_did_not_pass_hold_and_release": true,
    "low_force_did_not_pass_hold_and_release": true
  },
  "overall_status": "PASS"
}
=== Final status ===
overall_status=PASS
